// Jest Snapshot v1, https://goo.gl/fbAQLP

exports[`should render ExpenseListFilters Correctly 1`] = `undefined`;
